// Jest Snapshot v1, https://goo.gl/fbAQLP

exports[`E2E helloworld: index.html 1`] = `
"<!DOCTYPE html>
<body>
  <h1 id=\\"hello\\">Hello</h1>
  <div>content</div>
</body>
"
`;

exports[`E2E helloworld: manifest.json 1`] = `
Object {
  "index.js": "index.js",
}
`;
